[36mvite v8.0.3 [32mbuilding client environment for production...[36m[39m
[2K
node : [31mÔ£ù[39m Build failed in 954ms
No linha:1 caractere:1
+ node node_modules\vite\bin\vite.js build > build_output.txt 2>&1
+ ~~~~~~~~~~~~~~~~~~~~~~~~~~~~~~~~~~~~~~~~~~~~~~~~~~~~~~~~~~~~~~~~
    + CategoryInfo          : NotSpecified: ([31mÔ£ù[39m Build failed in 954ms:String) [], RemoteException
    + FullyQualifiedErrorId : NativeCommandError
 
transforming...
PWA v1.2.0
mode      generateSW
precache  14 entries (1994.07 KiB)
files generated
  dist/sw.js
  dist/workbox-66610c77.js
[31merror during build:
[31mBuild failed with 1 error:

[plugin vite-plugin-pwa:build]
Error: Build failed with 3 errors:

[31m[builtin:vite-transform] Error:[0m `await` is only allowed within async functions and at the top levels of 
modules
    [38;5;246mÔò¡[0m[38;5;246mÔöÇ[0m[38;5;246m[[0m src/services/geradorPdfManual.ts:85:24 [38;5;246m][0m
    [38;5;246mÔöé[0m
 [38;5;246m85 Ôöé[0m [38;5;249m [0m[38;5;249m [0m[38;5;249m [0m[38;5;249m [0m[38;5;249m [0m[38;5;249m 
[0m[38;5;249m [0m[38;5;249m 
[0m[38;5;249mc[0m[38;5;249mo[0m[38;5;249mn[0m[38;5;249ms[0m[38;5;249mt[0m[38;5;249m 
[0m[38;5;249mi[0m[38;5;249mm[0m[38;5;249mg[0m[38;5;249mR[0m[38;5;249me[0m[38;5;249ms[0m[38;5;249m 
[0m[38;5;249m=[0m[38;5;249m [0mawait[38;5;249m [0m[38;5;249mf[0m[38;5;249me[0m[38;5;249mt[0m[38;5;249mc[
0m[38;5;249mh[0m[38;5;249m([0m[38;5;249ms[0m[38;5;249me[0m[38;5;249mc[0m[38;5;249ma[0m[38;5;249mo[0m[38;
5;249m.[0m[38;5;249mi[0m[38;5;249mm[0m[38;5;249ma[0m[38;5;249mg[0m[38;5;249me[0m[38;5;249mm[0m[38;5;249mP
[0m[38;5;249ma[0m[38;5;249mt[0m[38;5;249mh[0m[38;5;249m)[0m[38;5;249m;[0m
 [38;5;240m   Ôöé[0m                        ÔöÇÔöÇÔö¼ÔöÇÔöÇ  
 [38;5;240m   Ôöé[0m                          Ôò░ÔöÇÔöÇÔöÇÔöÇ 
 [38;5;240m   Ôöé[0m 
 [38;5;240m   Ôöé[0m [38;5;115mHelp[0m: Either remove this `await` or add the `async` keyword to the enclosing 
function
[38;5;246mÔöÇÔöÇÔöÇÔöÇÔò»[0m

[31m[builtin:vite-transform] Error:[0m `await` is only allowed within async functions and at the top levels of 
modules
    [38;5;246mÔò¡[0m[38;5;246mÔöÇ[0m[38;5;246m[[0m src/services/geradorPdfManual.ts:87:27 [38;5;246m][0m
    [38;5;246mÔöé[0m
 [38;5;246m87 Ôöé[0m [38;5;249m [0m[38;5;249m [0m[38;5;249m [0m[38;5;249m [0m[38;5;249m [0m[38;5;249m 
[0m[38;5;249m [0m[38;5;249m [0m[38;5;249m [0m[38;5;249m 
[0m[38;5;249mc[0m[38;5;249mo[0m[38;5;249mn[0m[38;5;249ms[0m[38;5;249mt[0m[38;5;249m [0m[38;5;249mi[0m[3
8;5;249mm[0m[38;5;249mg[0m[38;5;249mB[0m[38;5;249ml[0m[38;5;249mo[0m[38;5;249mb[0m[38;5;249m 
[0m[38;5;249m=[0m[38;5;249m [0mawait[38;5;249m [0m[38;5;249mi[0m[38;5;249mm[0m[38;5;249mg[0m[38;5;249mR[
0m[38;5;249me[0m[38;5;249ms[0m[38;5;249m.[0m[38;5;249mb[0m[38;5;249ml[0m[38;5;249mo[0m[38;5;249mb[0m[38;
5;249m([0m[38;5;249m)[0m[38;5;249m;[0m
 [38;5;240m   Ôöé[0m                           ÔöÇÔöÇÔö¼ÔöÇÔöÇ  
 [38;5;240m   Ôöé[0m                             Ôò░ÔöÇÔöÇÔöÇÔöÇ 
 [38;5;240m   Ôöé[0m 
 [38;5;240m   Ôöé[0m [38;5;115mHelp[0m: Either remove this `await` or add the `async` keyword to the enclosing 
function
[38;5;246mÔöÇÔöÇÔöÇÔöÇÔò»[0m

[31m[builtin:vite-transform] Error:[0m `await` is only allowed within async functions and at the top levels of 
modules
    [38;5;246mÔò¡[0m[38;5;246mÔöÇ[0m[38;5;246m[[0m src/services/geradorPdfManual.ts:88:29 [38;5;246m][0m
    [38;5;246mÔöé[0m
 [38;5;246m88 Ôöé[0m [38;5;249m [0m[38;5;249m [0m[38;5;249m [0m[38;5;249m [0m[38;5;249m [0m[38;5;249m 
[0m[38;5;249m [0m[38;5;249m [0m[38;5;249m [0m[38;5;249m 
[0m[38;5;249mc[0m[38;5;249mo[0m[38;5;249mn[0m[38;5;249ms[0m[38;5;249mt[0m[38;5;249m [0m[38;5;249mi[0m[3
8;5;249mm[0m[38;5;249mg[0m[38;5;249mB[0m[38;5;249ma[0m[38;5;249ms[0m[38;5;249me[0m[38;5;249m6[0m[38;5;249
m4[0m[38;5;249m [0m[38;5;249m=[0m[38;5;249m [0mawait[38;5;249m [0m[38;5;249mb[0m[38;5;249ml[0m[38;5;249mo
[0m[38;5;249mb[0m[38;5;249mP[0m[38;5;249ma[0m[38;5;249mr[0m[38;5;249ma[0m[38;5;249mB[0m[38;5;249ma[0m[3
8;5;249ms[0m[38;5;249me[0m[38;5;249m6[0m[38;5;249m4[0m[38;5;249m([0m[38;5;249mi[0m[38;5;249mm[0m[38;5;249
mg[0m[38;5;249mB[0m[38;5;249ml[0m[38;5;249mo[0m[38;5;249mb[0m[38;5;249m)[0m[38;5;249m;[0m
 [38;5;240m   Ôöé[0m                             ÔöÇÔöÇÔö¼ÔöÇÔöÇ  
 [38;5;240m   Ôöé[0m                               Ôò░ÔöÇÔöÇÔöÇÔöÇ 
 [38;5;240m   Ôöé[0m 
 [38;5;240m   Ôöé[0m [38;5;115mHelp[0m: Either remove this `await` or add the `async` keyword to the enclosing 
function
[38;5;246mÔöÇÔöÇÔöÇÔöÇÔò»[0m
    at aggregateBindingErrorsIntoJsError (file:///C:/Users/Guilherme%20Gomes/OneDrive/Documentos/GERADOR%20DE%20ORDEM%2
0DE%20SERVI%C3%87OS/node_modules/rolldown/dist/shared/error-BLhcSyeg.mjs:48:18)
    at plugin (file:///C:/Users/Guilherme%20Gomes/OneDrive/Documentos/GERADOR%20DE%20ORDEM%20DE%20SERVI%C3%87OS/node_mo
dules/rolldown/dist/shared/bindingify-input-options-e7ze4hPR.mjs:1024:61)
    at plugin.<computed> (file:///C:/Users/Guilherme%20Gomes/OneDrive/Documentos/GERADOR%20DE%20ORDEM%20DE%20SERVI%C3%8
7OS/node_modules/rolldown/dist/shared/bindingify-input-options-e7ze4hPR.mjs:1593:18)[31m
    at aggregateBindingErrorsIntoJsError (file:///C:/Users/Guilherme%20Gomes/OneDrive/Documentos/GERADOR%20DE%20ORDEM%2
0DE%20SERVI%C3%87OS/node_modules/rolldown/dist/shared/error-BLhcSyeg.mjs:48:18)
    at unwrapBindingResult (file:///C:/Users/Guilherme%20Gomes/OneDrive/Documentos/GERADOR%20DE%20ORDEM%20DE%20SERVI%C3
%87OS/node_modules/rolldown/dist/shared/error-BLhcSyeg.mjs:18:128)
    at #build (file:///C:/Users/Guilherme%20Gomes/OneDrive/Documentos/GERADOR%20DE%20ORDEM%20DE%20SERVI%C3%87OS/node_mo
dules/rolldown/dist/shared/rolldown-build-CPrIX9V6.mjs:3313:34)
    at async buildEnvironment (file:///C:/Users/Guilherme%20Gomes/OneDrive/Documentos/GERADOR%20DE%20ORDEM%20DE%20SERVI
%C3%87OS/node_modules/vite/dist/node/chunks/node.js:32849:64)
    at async Object.build (file:///C:/Users/Guilherme%20Gomes/OneDrive/Documentos/GERADOR%20DE%20ORDEM%20DE%20SERVI%C3%
87OS/node_modules/vite/dist/node/chunks/node.js:33271:19)
    at async Object.buildApp (file:///C:/Users/Guilherme%20Gomes/OneDrive/Documentos/GERADOR%20DE%20ORDEM%20DE%20SERVI%
C3%87OS/node_modules/vite/dist/node/chunks/node.js:33268:153)
    at async CAC.<anonymous> (file:///C:/Users/Guilherme%20Gomes/OneDrive/Documentos/GERADOR%20DE%20ORDEM%20DE%20SERVI%
C3%87OS/node_modules/vite/dist/node/cli.js:778:3) {
  errors: [Getter/Setter]
}[39m
